
> frontend@0.0.0 build
> node node_modules/vite/bin/vite.js build

[36mvite v5.4.21 [32mbuilding for production...[36m[39m
transforming...
[32mΓ£ô[39m 18 modules transformed.
node.exe : [31mx[39m 
Build failed in 2.12s
At line:1 char:1
+ & "C:\Program 
Files\nodejs/node.exe" "C:\
Users\Harsh\AppData\Roaming
\ ...
+ ~~~~~~~~~~~~~~~~~~~~~~~~~
~~~~~~~~~~~~~~~~~~~~~~~~~~~
~~~~~~~~~~~~~~~~~
    + CategoryInfo         
     : NotSpecified: ([3  
  1mx[39m Build failed    
 in 2.12s:String) [], R    
emoteException
    + FullyQualifiedErrorI 
   d : NativeCommandError
 
[31merror during build:
[31m[vite:esbuild] 
Transform failed with 1 
error:
D:/vs code/restauraant/fron
tend/src/components/Menu.ts
x:36:9: ERROR: Unexpected 
"{"[31m
file: [36mD:/vs code/resta
uraant/frontend/src/compone
nts/Menu.tsx:36:9[31m
[33m
[33mUnexpected "{"[33m
34 |    }, []);
35 |  
36 |    import { 
API_BASE_URL } from 
'../config';
   |           ^
37 |  
38 |    // ... imports
[31m
    at failureErrorWithLog 
(D:\vs code\restauraant\fro
ntend\node_modules\esbuild\
lib\main.js:1472:15)
    at D:\vs code\restauraa
nt\frontend\node_modules\es
build\lib\main.js:755:50
    at responseCallbacks.<c
omputed> (D:\vs code\restau
raant\frontend\node_modules
\esbuild\lib\main.js:622:9)
    at 
handleIncomingPacket 
(D:\vs code\restauraant\fro
ntend\node_modules\esbuild\
lib\main.js:677:12)
    at 
Socket.readFromStdout 
(D:\vs code\restauraant\fro
ntend\node_modules\esbuild\
lib\main.js:600:7)
    at Socket.emit 
(node:events:519:28)
    at addChunk (node:inter
nal/streams/readable:561:12
)
    at readableAddChunkPush
ByteMode (node:internal/str
eams/readable:512:3)
    at Readable.push (node:
internal/streams/readable:3
92:5)
    at Pipe.onStreamRead (n
ode:internal/stream_base_co
mmons:189:23)[39m
